[webextheme.com/html/ziptech/v2/home3.html]
[backblue.gif]
[fade.gif]
[index.html]
[webextheme.com/html/ziptech/v2/images/favicon.png]
[webextheme.com/html/ziptech/v2/css/responsive.css]
[webextheme.com/html/ziptech/v2/css/style.css]
[webextheme.com/html/ziptech/v2/index.html]
[webextheme.com/html/ziptech/v2/images/logo-dark.png]
[webextheme.com/html/ziptech/v2/home2.html]
[webextheme.com/html/ziptech/v2/home4.html]
[webextheme.com/html/ziptech/v2/home5.html]
[webextheme.com/html/ziptech/v2/home6.html]
[webextheme.com/html/ziptech/v2/index-dark.html]
[webextheme.com/html/ziptech/v2/home2-dark.html]
[webextheme.com/html/ziptech/v2/home3-dark.html]
[webextheme.com/html/ziptech/v2/home4-dark.html]
[webextheme.com/html/ziptech/v2/home5-dark.html]
[webextheme.com/html/ziptech/v2/home6-dark.html]
[webextheme.com/html/ziptech/v2/index-rtl.html]
[webextheme.com/html/ziptech/v2/home2-rtl.html]
[webextheme.com/html/ziptech/v2/home3-rtl.html]
[webextheme.com/html/ziptech/v2/home4-rtl.html]
[webextheme.com/html/ziptech/v2/home5-rtl.html]
[webextheme.com/html/ziptech/v2/home6-rtl.html]
[webextheme.com/html/ziptech/v2/page-header-style1.html]
[webextheme.com/html/ziptech/v2/page-header-style2.html]
[webextheme.com/html/ziptech/v2/page-header-style3.html]
[webextheme.com/html/ziptech/v2/page-about.html]
[webextheme.com/html/ziptech/v2/page-team-grid.html]
[webextheme.com/html/ziptech/v2/page-team-carousel.html]
[webextheme.com/html/ziptech/v2/page-team-details.html]
[webextheme.com/html/ziptech/v2/page-pricing.html]
[webextheme.com/html/ziptech/v2/page-testimonials.html]
[webextheme.com/html/ziptech/v2/page-faqs.html]
[webextheme.com/html/ziptech/v2/404.html]
[webextheme.com/html/ziptech/v2/page-services-style-01.html]
[webextheme.com/html/ziptech/v2/page-services-style-02.html]
[webextheme.com/html/ziptech/v2/service-ui-ux-design.html]
[webextheme.com/html/ziptech/v2/service-it-management.html]
[webextheme.com/html/ziptech/v2/service-digital-marketing.html]
[webextheme.com/html/ziptech/v2/service-cyber-security.html]
[webextheme.com/html/ziptech/v2/service-app-devolopment.html]
[webextheme.com/html/ziptech/v2/page-projects.html]
[webextheme.com/html/ziptech/v2/page-project-details.html]
[webextheme.com/html/ziptech/v2/page-news.html]
[webextheme.com/html/ziptech/v2/page-news-left-sidebar.html]
[webextheme.com/html/ziptech/v2/page-news-right-sidebar.html]
[webextheme.com/html/ziptech/v2/page-news-details.html]
[webextheme.com/html/ziptech/v2/page-contact-us.html]
[webextheme.com/html/ziptech/v2/images/bg/abs-bg1.png]
[webextheme.com/html/ziptech/v2/images/bg/home3-img1.png]
[webextheme.com/html/ziptech/v2/images/objects/arrow-video.png]
[webextheme.com/html/ziptech/v2/images/objects/brand-object1.png]
[webextheme.com/html/ziptech/v2/images/about/founder.jpg]
[webextheme.com/html/ziptech/v2/images/about/about3-img2.jpg]
[webextheme.com/html/ziptech/v2/images/about/about3-img1.jpg]
[webextheme.com/html/ziptech/v2/images/bg/divider-bg3.png]
[webextheme.com/html/ziptech/v2/images/projects/project_01.jpg]
[webextheme.com/html/ziptech/v2/images/projects/project_02.jpg]
[webextheme.com/html/ziptech/v2/images/projects/project_03.jpg]
[webextheme.com/html/ziptech/v2/images/projects/project_04.jpg]
[webextheme.com/html/ziptech/v2/images/projects/project_05.jpg]
[webextheme.com/html/ziptech/v2/images/projects/project_06.jpg]
[webextheme.com/html/ziptech/v2/images/team/team01.jpg]
[webextheme.com/html/ziptech/v2/images/team/team02.jpg]
[webextheme.com/html/ziptech/v2/images/team/team03.jpg]
[webextheme.com/html/ziptech/v2/images/team/team04.jpg]
[webextheme.com/html/ziptech/v2/images/team/team07.jpg]
[webextheme.com/html/ziptech/v2/images/team/team06.jpg]
[webextheme.com/html/ziptech/v2/images/bg/working-process-shape.png]
[webextheme.com/html/ziptech/v2/images/objects/why-choose-us-style2-obj1.png]
[webextheme.com/html/ziptech/v2/images/objects/why-choose-us-style2-obj2.png]
[webextheme.com/html/ziptech/v2/images/about/divider-img2.jpg]
[webextheme.com/html/ziptech/v2/images/objects/6.png]
[webextheme.com/html/ziptech/v2/images/news/01.jpg]
[webextheme.com/html/ziptech/v2/images/testimonials/testimonial-img1.jpg]
[webextheme.com/html/ziptech/v2/images/news/02.jpg]
[webextheme.com/html/ziptech/v2/images/testimonials/testimonial-img2.jpg]
[webextheme.com/html/ziptech/v2/images/news/03.jpg]
[webextheme.com/html/ziptech/v2/images/testimonials/testimonial-img3.jpg]
[webextheme.com/html/ziptech/v2/images/objects/footer-obj1.png]
[webextheme.com/html/ziptech/v2/images/logo-light.png]
[webextheme.com/html/ziptech/v2/js/jquery-3.6.0.min.js]
[webextheme.com/html/ziptech/v2/js/jquery.nice-select.min.js]
[webextheme.com/html/ziptech/v2/js/bootstrap.min.js]
[webextheme.com/html/ziptech/v2/js/jquery.appear.min.js]
[webextheme.com/html/ziptech/v2/js/wow.min.js]
[webextheme.com/html/ziptech/v2/js/owl.carousel.min.js]
[webextheme.com/html/ziptech/v2/js/jquery.event.move.js]
[webextheme.com/html/ziptech/v2/js/tilt.jquery.min.js]
[webextheme.com/html/ziptech/v2/js/magnific-popup.min.js]
[webextheme.com/html/ziptech/v2/js/backtotop.js]
[webextheme.com/html/ziptech/v2/js/trigger.js]
[webextheme.com/html/ziptech/v2/home3.html]
[webextheme.com/html/ziptech/v2/css/bootstrap.min.css]
[webextheme.com/html/ziptech/v2/fonts/fontawesome/css/all.css]
[webextheme.com/html/ziptech/v2/fonts/webexbaseicon/style.css]
[webextheme.com/html/ziptech/v2/fonts/webexthemeicon/style.css]
[webextheme.com/html/ziptech/v2/css/nice-select.css]
[webextheme.com/html/ziptech/v2/css/twentytwenty.css]
[webextheme.com/html/ziptech/v2/css/owl.carousel.min.css]
[webextheme.com/html/ziptech/v2/css/magnific-popup.css]
[webextheme.com/html/ziptech/v2/css/animate.css]
[webextheme.com/html/ziptech/v2/css/custom-animation.css]
[webextheme.com/html/ziptech/v2/css/kursor.css]
[webextheme.com/html/ziptech/v2/images/bg/3.jpg]
[webextheme.com/html/ziptech/v2/images/bg/home6-img2.png]
[webextheme.com/html/ziptech/v2/images/bg/1.jpg]
[webextheme.com/html/ziptech/v2/images/about/wave2.png]
[webextheme.com/html/ziptech/v2/images/down-arrow.png]
[webextheme.com/html/ziptech/v2/images/objects/1.png]
[webextheme.com/html/ziptech/v2/images/bg/abs-bg2.png]
[webextheme.com/html/ziptech/v2/images/bg/7.jpg]
[webextheme.com/html/ziptech/v2/images/objects/funfact-obj1.png]
[webextheme.com/html/ziptech/v2/images/bg/2.jpg]
[webextheme.com/html/ziptech/v2/images/bg/4.jpg]
[webextheme.com/html/ziptech/v2/images/bg/5.jpg]
[webextheme.com/html/ziptech/v2/css/style.css]
[webextheme.com/html/ziptech/v2/css/responsive.css]
[webextheme.com/html/ziptech/v2/images/about/about-sm2.jpg]
[webextheme.com/html/ziptech/v2/images/about/about-lg2.jpg]
[webextheme.com/html/ziptech/v2/images/about/certificate1.png]
[webextheme.com/html/ziptech/v2/images/about/signature.png]
[webextheme.com/html/ziptech/v2/images/clients/client_01_white.svg]
[webextheme.com/html/ziptech/v2/images/clients/client_02_white.svg]
[webextheme.com/html/ziptech/v2/images/clients/client_03_white.svg]
[webextheme.com/html/ziptech/v2/images/clients/client_04_white.svg]
[webextheme.com/html/ziptech/v2/images/clients/client_05_white.svg]
[webextheme.com/html/ziptech/v2/images/clients/client_06_white.svg]
[webextheme.com/html/ziptech/v2/images/service/service_01.jpg]
[webextheme.com/html/ziptech/v2/images/service/service_02.jpg]
[webextheme.com/html/ziptech/v2/images/service/service_03.jpg]
[webextheme.com/html/ziptech/v2/images/about/request-a-call-back-im1.jpg]
[webextheme.com/html/ziptech/v2/index.html]
[webextheme.com/html/ziptech/v2/images/bg/abs-bg8.png]
[webextheme.com/html/ziptech/v2/images/logo-light2.png]
[webextheme.com/html/ziptech/v2/images/about/about2-img1.jpg]
[webextheme.com/html/ziptech/v2/images/about/about2-img3.jpg]
[webextheme.com/html/ziptech/v2/images/about/about2-img2.jpg]
[webextheme.com/html/ziptech/v2/images/service/service_sm_01.jpg]
[webextheme.com/html/ziptech/v2/images/service/service_sm_02.jpg]
[webextheme.com/html/ziptech/v2/images/service/service_sm_03.jpg]
[webextheme.com/html/ziptech/v2/images/service/service_sm_04.jpg]
[webextheme.com/html/ziptech/v2/images/testimonials/testimonial-lg-img1.jpg]
[webextheme.com/html/ziptech/v2/images/bg/abs-bg6.png]
[webextheme.com/html/ziptech/v2/images/news/04.jpg]
[webextheme.com/html/ziptech/v2/home2.html]
[webextheme.com/html/ziptech/v2/images/bg/8.jpg]
[webextheme.com/html/ziptech/v2/images/bg/home4-img1.png]
[webextheme.com/html/ziptech/v2/home4.html]
[webextheme.com/html/ziptech/v2/images/bg/abs-bg10.png]
[webextheme.com/html/ziptech/v2/images/bg/home5-img1.png]
[webextheme.com/html/ziptech/v2/images/clients/client_01.svg]
[webextheme.com/html/ziptech/v2/images/clients/client_02.svg]
[webextheme.com/html/ziptech/v2/images/clients/client_03.svg]
[webextheme.com/html/ziptech/v2/images/clients/client_04.svg]
[webextheme.com/html/ziptech/v2/images/clients/client_05.svg]
[webextheme.com/html/ziptech/v2/images/clients/client_06.svg]
[webextheme.com/html/ziptech/v2/images/bg/9.jpg]
[webextheme.com/html/ziptech/v2/images/bg/home5-img2.png]
[webextheme.com/html/ziptech/v2/images/bg/home5-img3.png]
[webextheme.com/html/ziptech/v2/images/projects/project_lg1.jpg]
[webextheme.com/html/ziptech/v2/images/projects/project_sm1.jpg]
[webextheme.com/html/ziptech/v2/images/projects/project_sm2.jpg]
[webextheme.com/html/ziptech/v2/images/bg/abs-bg3.png]
[webextheme.com/html/ziptech/v2/home5.html]
[webextheme.com/html/ziptech/v2/images/bg/abs-bg11.png]
[webextheme.com/html/ziptech/v2/images/bg/home6-img1.png]
[webextheme.com/html/ziptech/v2/images/about/request-form-style2-img.jpg]
[webextheme.com/html/ziptech/v2/images/about/about5-img1.jpg]
[webextheme.com/html/ziptech/v2/images/bg/divider-bg2.png]
[webextheme.com/html/ziptech/v2/home6.html]
[webextheme.com/html/ziptech/v2/css/style-dark.css]
[webextheme.com/html/ziptech/v2/index-dark.html]
[webextheme.com/html/ziptech/v2/home2-dark.html]
[webextheme.com/html/ziptech/v2/home3-dark.html]
[webextheme.com/html/ziptech/v2/images/bg/12.jpg]
[webextheme.com/html/ziptech/v2/home4-dark.html]
[webextheme.com/html/ziptech/v2/home5-dark.html]
[webextheme.com/html/ziptech/v2/home6-dark.html]
[webextheme.com/html/ziptech/v2/css/bootstrap.rtl.min.css]
[webextheme.com/html/ziptech/v2/css/bootstrap-grid.rtl.min.css]
[webextheme.com/html/ziptech/v2/css/bootstrap-reboot.rtl.min.css]
[webextheme.com/html/ziptech/v2/css/bootstrap-utilities.rtl.min.css]
[webextheme.com/html/ziptech/v2/css/style-rtl.css]
[webextheme.com/html/ziptech/v2/css/style-rtl-modify.css]
[webextheme.com/html/ziptech/v2/css/responsive-rtl.css]
[webextheme.com/html/ziptech/v2/images/objects/wcu-rtl-style2-obj1.png]
[webextheme.com/html/ziptech/v2/images/objects/wcu-rtl-style2-obj2.png]
[webextheme.com/html/ziptech/v2/index-rtl.html]
[webextheme.com/html/ziptech/v2/home2-rtl.html]
[webextheme.com/html/ziptech/v2/home3-rtl.html]
[webextheme.com/html/ziptech/v2/home4-rtl.html]
[webextheme.com/html/ziptech/v2/images/bg/abs-bg7.png]
[webextheme.com/html/ziptech/v2/home5-rtl.html]
[webextheme.com/html/ziptech/v2/home6-rtl.html]
[webextheme.com/html/ziptech/v2/js/jquery.twentytwenty.js]
[webextheme.com/html/ziptech/v2/page-header-style1.html]
[webextheme.com/html/ziptech/v2/page-header-style2.html]
[webextheme.com/html/ziptech/v2/page-header-style3.html]
[webextheme.com/html/ziptech/v2/page-about.html]
[webextheme.com/html/ziptech/v2/page-team.html]
[webextheme.com/html/ziptech/v2/images/objects/2.png]
[webextheme.com/html/ziptech/v2/page-team-grid.html]
[webextheme.com/html/ziptech/v2/page-team-carousel.html]
[webextheme.com/html/ziptech/v2/images/team/single-team.jpg]
[webextheme.com/html/ziptech/v2/page-team-details.html]
[webextheme.com/html/ziptech/v2/page-pricing.html]
[webextheme.com/html/ziptech/v2/page-testimonials.html]
[webextheme.com/html/ziptech/v2/images/about/faq-img.jpg]
[webextheme.com/html/ziptech/v2/page-faqs.html]
[webextheme.com/html/ziptech/v2/404.html]
[webextheme.com/html/ziptech/v2/page-services-style1.html]
[webextheme.com/html/ziptech/v2/page-services-style-01.html]
[webextheme.com/html/ziptech/v2/page-services-style-02.html]
[webextheme.com/html/ziptech/v2/images/bg/abs-bg4.png]
[webextheme.com/html/ziptech/v2/images/service/service-details1.jpg]
[webextheme.com/html/ziptech/v2/images/service/service-details-inner-img1.jpg]
[webextheme.com/html/ziptech/v2/service-ui-ux-design.html]
[webextheme.com/html/ziptech/v2/images/service/service-details2.jpg]
[webextheme.com/html/ziptech/v2/service-it-management.html]
[webextheme.com/html/ziptech/v2/images/service/service-details3.jpg]
[webextheme.com/html/ziptech/v2/service-digital-marketing.html]
[webextheme.com/html/ziptech/v2/images/service/service-details4.jpg]
[webextheme.com/html/ziptech/v2/service-cyber-security.html]
[webextheme.com/html/ziptech/v2/images/service/service-details5.jpg]
[webextheme.com/html/ziptech/v2/service-app-devolopment.html]
[webextheme.com/html/ziptech/v2/page-projects.html]
[webextheme.com/html/ziptech/v2/images/projects/single-project.jpg]
[webextheme.com/html/ziptech/v2/images/projects/single-project-inner-img1.jpg]
[webextheme.com/html/ziptech/v2/page-project-details.html]
[webextheme.com/html/ziptech/v2/images/news/05.jpg]
[webextheme.com/html/ziptech/v2/images/news/06.jpg]
[webextheme.com/html/ziptech/v2/page-news.html]
[webextheme.com/html/ziptech/v2/images/footer/recent-post_01.png]
[webextheme.com/html/ziptech/v2/images/footer/recent-post_02.png]
[webextheme.com/html/ziptech/v2/images/footer/recent-post_03.png]
[webextheme.com/html/ziptech/v2/page-news-left-sidebar.html]
[webextheme.com/html/ziptech/v2/page-news-right-sidebar.html]
[webextheme.com/html/ziptech/v2/images/news/single-news.jpg]
[webextheme.com/html/ziptech/v2/images/news/comment-img1.jpg]
[webextheme.com/html/ziptech/v2/images/news/comment-img2.jpg]
[webextheme.com/html/ziptech/v2/images/news/comment-img3.jpg]
[webextheme.com/html/ziptech/v2/page-news-details.html]
[webextheme.com/html/ziptech/v2/page-contact-us.html]
[webextheme.com/html/ziptech/v2/page-about-us.html]
[webextheme.com/html/ziptech/v2/index-2.html]
[webextheme.com/html/ziptech/v2/css/bootstrap.min.css]
[webextheme.com/html/ziptech/v2/fonts/fontawesome/webfonts/fa-brands-400.eot]
[webextheme.com/html/ziptech/v2/fonts/fontawesome/webfonts/fa-brands-400d41d.eot]
[webextheme.com/html/ziptech/v2/fonts/fontawesome/webfonts/fa-brands-400.woff2]
[webextheme.com/html/ziptech/v2/fonts/fontawesome/webfonts/fa-brands-400.woff]
[webextheme.com/html/ziptech/v2/fonts/fontawesome/webfonts/fa-brands-400.ttf]
[webextheme.com/html/ziptech/v2/fonts/fontawesome/webfonts/fa-regular-400.eot]
[webextheme.com/html/ziptech/v2/fonts/fontawesome/webfonts/fa-brands-400.svg]
[webextheme.com/html/ziptech/v2/fonts/fontawesome/webfonts/fa-regular-400d41d.eot]
[webextheme.com/html/ziptech/v2/fonts/fontawesome/webfonts/fa-regular-400.woff2]
[webextheme.com/html/ziptech/v2/fonts/fontawesome/webfonts/fa-regular-400.woff]
[webextheme.com/html/ziptech/v2/fonts/fontawesome/webfonts/fa-regular-400.ttf]
[webextheme.com/html/ziptech/v2/fonts/fontawesome/webfonts/fa-regular-400.svg]
[webextheme.com/html/ziptech/v2/fonts/fontawesome/webfonts/fa-solid-900.eot]
[webextheme.com/html/ziptech/v2/fonts/fontawesome/webfonts/fa-solid-900d41d.eot]
[webextheme.com/html/ziptech/v2/fonts/fontawesome/webfonts/fa-solid-900.woff2]
[webextheme.com/html/ziptech/v2/fonts/fontawesome/webfonts/fa-solid-900.woff]
[webextheme.com/html/ziptech/v2/fonts/fontawesome/webfonts/fa-solid-900.ttf]
[webextheme.com/html/ziptech/v2/fonts/fontawesome/css/all.css]
[webextheme.com/html/ziptech/v2/fonts/webexbaseicon/fonts/webexbaseicon3f4b.eot]
[webextheme.com/html/ziptech/v2/fonts/fontawesome/webfonts/fa-solid-900.svg]
[webextheme.com/html/ziptech/v2/fonts/webexbaseicon/fonts/webexbaseicon3f4b.ttf]
[webextheme.com/html/ziptech/v2/fonts/webexbaseicon/fonts/webexbaseicon3f4b.woff]
[webextheme.com/html/ziptech/v2/fonts/webexbaseicon/style.css]
[webextheme.com/html/ziptech/v2/fonts/webexthemeicon/fonts/webexthemeicon6c41.eot]
[webextheme.com/html/ziptech/v2/fonts/webexthemeicon/fonts/webexthemeicon6c41.ttf]
[webextheme.com/html/ziptech/v2/fonts/webexbaseicon/fonts/webexbaseicon3f4b.svg]
[webextheme.com/html/ziptech/v2/fonts/webexthemeicon/fonts/webexthemeicon6c41.woff]
[webextheme.com/html/ziptech/v2/fonts/webexthemeicon/style.css]
[webextheme.com/html/ziptech/v2/css/nice-select.css]
[webextheme.com/html/ziptech/v2/css/twentytwenty.css]
[webextheme.com/html/ziptech/v2/css/owl.carousel.min.css]
[webextheme.com/html/ziptech/v2/css/magnific-popup.css]
[webextheme.com/html/ziptech/v2/css/animate.css]
[webextheme.com/html/ziptech/v2/css/custom-animation.css]
[webextheme.com/html/ziptech/v2/css/kursor.css]
[webextheme.com/html/ziptech/v2/images/bg/bg1.html]
[webextheme.com/html/ziptech/v2/images/bg/bg2.html]
[webextheme.com/html/ziptech/v2/images/bg/bg3.html]
[webextheme.com/html/ziptech/v2/images/objects/brush-obj1.html]
[webextheme.com/html/ziptech/v2/images/bg/banner1.html]
[webextheme.com/html/ziptech/v2/images/service/1.html]
[webextheme.com/html/ziptech/v2/images/bg/contact-form-bg.html]
[webextheme.com/html/ziptech/v2/images/clients/client_01_white.svg]
[webextheme.com/html/ziptech/v2/images/clients/client_02_white.svg]
[webextheme.com/html/ziptech/v2/images/clients/client_03_white.svg]
[webextheme.com/html/ziptech/v2/images/clients/client_04_white.svg]
[webextheme.com/html/ziptech/v2/images/clients/client_05_white.svg]
[webextheme.com/html/ziptech/v2/images/clients/client_06_white.svg]
[webextheme.com/html/ziptech/v2/project-details.html]
[webextheme.com/html/ziptech/v2/images/clients/client_01.svg]
[webextheme.com/html/ziptech/v2/images/clients/client_02.svg]
[webextheme.com/html/ziptech/v2/images/clients/client_03.svg]
[webextheme.com/html/ziptech/v2/images/clients/client_04.svg]
[webextheme.com/html/ziptech/v2/images/clients/client_05.svg]
[webextheme.com/html/ziptech/v2/images/clients/client_06.svg]
[webextheme.com/html/ziptech/v2/css/style-dark.css]
[webextheme.com/html/ziptech/v2/css/bootstrap.rtl.min.css]
[webextheme.com/html/ziptech/v2/css/bootstrap-grid.rtl.min.css]
[webextheme.com/html/ziptech/v2/css/bootstrap-reboot.rtl.min.css]
[webextheme.com/html/ziptech/v2/css/bootstrap-utilities.rtl.min.css]
[webextheme.com/html/ziptech/v2/css/style-rtl.css]
[webextheme.com/html/ziptech/v2/css/style-rtl-modify.css]
[webextheme.com/html/ziptech/v2/css/responsive-rtl.css]
[webextheme.com/html/ziptech/v2/page-single-news.html]
[webextheme.com/html/ziptech/v2/fonts/fontawesome/webfonts/fa-brands-400.svg]
[webextheme.com/html/ziptech/v2/fonts/fontawesome/webfonts/fa-regular-400.svg]
[webextheme.com/html/ziptech/v2/fonts/fontawesome/webfonts/fa-solid-900.svg]
[webextheme.com/html/ziptech/v2/fonts/webexbaseicon/fonts/webexbaseicon3f4b.svg]
[webextheme.com/html/ziptech/v2/fonts/webexthemeicon/fonts/webexthemeicon6c41.svg]
[webextheme.com/html/ziptech/v2/fonts/webexthemeicon/fonts/webexthemeicon6c41.svg]
[webextheme.com/html/ziptech/v2/css/owl.video.play.html]
